// Jest Snapshot v1, https://goo.gl/fbAQLP

exports[`DealDetail Test 1`] = `[Function]`;
