// Jest Snapshot v1, https://goo.gl/fbAQLP

exports[`DealScreen Test 1`] = `[Function]`;

exports[`render tests DealScreen Test 1`] = `[Function]`;

exports[`render tests DealScreen Test 2`] = `[Function]`;
