// Jest Snapshot v1, https://goo.gl/fbAQLP

exports[`render tests Eventsearchscreen Test 1`] = `[Function]`;
