// Jest Snapshot v1, https://goo.gl/fbAQLP

exports[`render tests eventlist 1`] = `[Function]`;
