// Jest Snapshot v1, https://goo.gl/fbAQLP

exports[`deals snapshot 1`] = `[Function]`;
